P:\00_CSharp\FilmAnalysis\MainWindow.xaml.cs(155,13): error CS0234: The type or namespace name 'Accent' does not exist in the namespace 'Wpf.Ui.Appearance' (are you missing an assembly reference?) [P:\00_CSharp\FilmAnalysis\FilmAnalysis_lxkntqh5_wpftmp.csproj]
P:\00_CSharp\FilmAnalysis\MainWindow.xaml.cs(155,44): error CS0234: The type or namespace name 'AccentColor' does not exist in the namespace 'Wpf.Ui.Appearance' (are you missing an assembly reference?) [P:\00_CSharp\FilmAnalysis\FilmAnalysis_lxkntqh5_wpftmp.csproj]
P:\00_CSharp\FilmAnalysis\MainWindow.xaml.cs(1336,13): error CS0103: The name 'AlignStepText' does not exist in the current context [P:\00_CSharp\FilmAnalysis\FilmAnalysis_lxkntqh5_wpftmp.csproj]
P:\00_CSharp\FilmAnalysis\MainWindow.xaml.cs(1540,17): error CS0103: The name 'ROIModeOverlay' does not exist in the current context [P:\00_CSharp\FilmAnalysis\FilmAnalysis_lxkntqh5_wpftmp.csproj]
P:\00_CSharp\FilmAnalysis\MainWindow.xaml.cs(1541,17): error CS0103: The name 'AlignModeOverlay' does not exist in the current context [P:\00_CSharp\FilmAnalysis\FilmAnalysis_lxkntqh5_wpftmp.csproj]
P:\00_CSharp\FilmAnalysis\MainWindow.xaml.cs(2596,29): error CS0103: The name 'ROIModeOverlay' does not exist in the current context [P:\00_CSharp\FilmAnalysis\FilmAnalysis_lxkntqh5_wpftmp.csproj]

Build FAILED.
    37 Warning(s)
    6 Error(s)

Time Elapsed 00:00:01.90
